relations 90  dimT1_0 93  dimT2_0 126
T2_columns_are_homomorphisms true
T2_normal_forms_independent_rank 126
T1_independent_rank 93
group_elements 6
element 0 perm {1, 2, 3, 4, 5, 6, 7, 8, 9} traceT2 126 traceT1 93 entriesT2 {0, 1}
element 1 perm {1, 3, 2, 6, 5, 4, 8, 7, 9} traceT2 -12 traceT1 9 entriesT2 {-1, 0, 1}
element 2 perm {2, 1, 3, 5, 4, 6, 8, 7, 9} traceT2 -12 traceT1 9 entriesT2 {-1, 0, 1}
element 3 perm {2, 3, 1, 6, 4, 5, 7, 8, 9} traceT2 -3 traceT1 9 entriesT2 {-1, 0, 1}
element 4 perm {3, 1, 2, 5, 6, 4, 7, 8, 9} traceT2 -3 traceT1 9 entriesT2 {-1, 0, 1}
element 5 perm {3, 2, 1, 4, 6, 5, 8, 7, 9} traceT2 -12 traceT1 9 entriesT2 {-1, 0, 1}
representation_property_T2 true  representation_property_T1 true
CHECK|dimT1_0|93
CHECK|dimT2_0|126
CHECK|group_order|6
CHECK|dim_T1_0_invariants|23
CHECK|dim_T2_0_invariants|14
CHECK|trace_Reynolds_T2|14  trace_Reynolds_T1 23
EQUIVARIANT_T2_DONE
/Applications/Macaulay2-1.20/bin/M2 --script scripts/equivariant_t2.m2    100.48s user 2.77s system 100% cpu 1:42.60 total
