Q2_COLUMN 1 1 1 NONZERO 14
Q2_COLUMN 2 1 2 NONZERO 14
Q2_COLUMN 3 1 3 NONZERO 21
Q2_COLUMN 4 1 4 NONZERO 23
Q2_COLUMN 5 1 5 NONZERO 32
Q2_COLUMN 6 1 6 NONZERO 62
Q2_COLUMN 7 1 7 NONZERO 21
Q2_COLUMN 8 1 8 NONZERO 91
Q2_COLUMN 9 1 9 NONZERO 89
Q2_COLUMN 10 1 10 NONZERO 14
Q2_COLUMN 11 2 2 NONZERO 14
Q2_COLUMN 12 2 3 NONZERO 23
Q2_COLUMN 13 2 4 NONZERO 14
Q2_COLUMN 14 2 5 NONZERO 37
Q2_COLUMN 15 2 6 NONZERO 21
Q2_COLUMN 16 2 7 NONZERO 0
Q2_COLUMN 17 2 8 NONZERO 76
Q2_COLUMN 18 2 9 NONZERO 80
Q2_COLUMN 19 2 10 NONZERO 17
Q2_COLUMN 20 3 3 NONZERO 14
Q2_COLUMN 21 3 4 NONZERO 14
Q2_COLUMN 22 3 5 NONZERO 26
Q2_COLUMN 23 3 6 NONZERO 49
Q2_COLUMN 24 3 7 NONZERO 0
Q2_COLUMN 25 3 8 NONZERO 85
Q2_COLUMN 26 3 9 NONZERO 90
Q2_COLUMN 27 3 10 NONZERO 17
Q2_COLUMN 28 4 4 NONZERO 14
Q2_COLUMN 29 4 5 NONZERO 37
Q2_COLUMN 30 4 6 NONZERO 33
Q2_COLUMN 31 4 7 NONZERO 0
Q2_COLUMN 32 4 8 NONZERO 71
Q2_COLUMN 33 4 9 NONZERO 64
Q2_COLUMN 34 4 10 NONZERO 18
Q2_COLUMN 35 5 5 NONZERO 11
Q2_COLUMN 36 5 6 NONZERO 3
Q2_COLUMN 37 5 7 NONZERO 0
Q2_COLUMN 38 5 8 NONZERO 46
Q2_COLUMN 39 5 9 NONZERO 58
Q2_COLUMN 40 5 10 NONZERO 25
Q2_COLUMN 41 6 6 NONZERO 0
Q2_COLUMN 42 6 7 NONZERO 0
Q2_COLUMN 43 6 8 NONZERO 2
Q2_COLUMN 44 6 9 NONZERO 2
Q2_COLUMN 45 6 10 NONZERO 53
Q2_COLUMN 46 7 7 NONZERO 0
Q2_COLUMN 47 7 8 NONZERO 0
Q2_COLUMN 48 7 9 NONZERO 0
Q2_COLUMN 49 7 10 NONZERO 25
Q2_COLUMN 50 8 8 NONZERO 21
Q2_COLUMN 51 8 9 NONZERO 15
Q2_COLUMN 52 8 10 NONZERO 63
Q2_COLUMN 53 9 9 NONZERO 25
Q2_COLUMN 54 9 10 NONZERO 76
Q2_COLUMN 55 10 10 NONZERO 0
QUADRATIC_RANK 41 OF55 SECONDS 1.273984057000007
SINGULAR_INPUT /Users/daniel/github/grunbaum-cy-geography-zero-context/runs/astra-all-nighter-2026-09-08/data/linear_u_locus_p101/necessary_locus.sing
