DIRECT_SUM
1
EXACT_UNIT_RELATION
WITNESS=719:23911484578720256599164938309374056560363246566447037501697032746273235736092658471716/17685381907798793397197696711868592866155584146623275299185288527877267528138956527229444845
WITNESS=779:23911484578720256599164938309374056560363246566447037501697032746273235736092658471716/17685381907798793397197696711868592866155584146623275299185288527877267528138956527229444845
WITNESS=799:-775532632381410949196550754847776829076100113973156819524870328635074387353556759520/1179025460519919559813179780791239524410372276441551686612352568525151168542597101815296323
WITNESS=809:1439595110318262070522033293719812632581280329255075675188883769548881729783438278996/5895127302599597799065898903956197622051861382207758433061762842625755842712985509076481615
WITNESS=849:1439595110318262070522033293719812632581280329255075675188883769548881729783438278996/5895127302599597799065898903956197622051861382207758433061762842625755842712985509076481615
WITNESS=864:115986568797171206294806393917820329213587305523645879362855373744872395060994173988408/3537076381559758679439539342373718573231116829324655059837057705575453505627791305445888969
WITNESS=866:-231973137594342412589612787835640658427174611047291758725710747489744790121988347976816/3537076381559758679439539342373718573231116829324655059837057705575453505627791305445888969
WITNESS=929:6310638361746624124227951135693595449414691284304235842402814336718790816650217546912/3537076381559758679439539342373718573231116829324655059837057705575453505627791305445888969
WITNESS=939:1352001280835891536975364202316855836321817738431195892032949963046741338950441897344/1179025460519919559813179780791239524410372276441551686612352568525151168542597101815296323
WITNESS=969:-22698933342844297117740314449743476669093400427339819202215939212620364408480875259254/17685381907798793397197696711868592866155584146623275299185288527877267528138956527229444845
WITNESS=976:-5850834498396326462302887534415809626549812542073245984803215111521106751216300395915/1179025460519919559813179780791239524410372276441551686612352568525151168542597101815296323
WITNESS=986:-23010232817719658291385243419855345986242968983186998682112166290968646680802609289586/10611229144679276038318618027121155719693350487973965179511173116726360516883373916337666907
WITNESS=1009:-28641690537238842455463016625503298571939084519534679376402483480885463865248716438968/17685381907798793397197696711868592866155584146623275299185288527877267528138956527229444845
WITNESS=1019:-16471799234700605505624813482947626140181603942426677040029613454958352069057691509028/10611229144679276038318618027121155719693350487973965179511173116726360516883373916337666907
WITNESS=1026:-76526664931880570529368630007944080558396819784614331239640445386171869649900355216863/3537076381559758679439539342373718573231116829324655059837057705575453505627791305445888969
WITNESS=1029:17824978340786361558227734369611404913196692993966654723361819298250647757208194239924/3537076381559758679439539342373718573231116829324655059837057705575453505627791305445888969
WITNESS=1036:18154276121067249574097810157837969181262227751453365634138365545240148913571836713846/3537076381559758679439539342373718573231116829324655059837057705575453505627791305445888969
WITNESS=1039:1089100248438364589683209468237258610267167136638749666908033870022110573468862253434/10611229144679276038318618027121155719693350487973965179511173116726360516883373916337666907
WITNESS=1049:-775532632381410949196550754847776829076100113973156819524870328635074387353556759520/1179025460519919559813179780791239524410372276441551686612352568525151168542597101815296323
WITNESS=1064:-3094561352474778232788697432167510432029125496397725361842223656488482996621557198122/10611229144679276038318618027121155719693350487973965179511173116726360516883373916337666907
WITNESS=1066:235769117500591268053683284888167262539248710346638444442605783471492574942944180046833/10611229144679276038318618027121155719693350487973965179511173116726360516883373916337666907
WITNESS=1069:-5850834498396326462302887534415809626549812542073245984803215111521106751216300395915/3537076381559758679439539342373718573231116829324655059837057705575453505627791305445888969
WITNESS=1074:119157779694746752777934800576335178361072615611829961590112558254193346540998902491990/10611229144679276038318618027121155719693350487973965179511173116726360516883373916337666907
WITNESS=1076:-26391605981742494952357243446692883372178123840980331964542562411315926933681328948424/10611229144679276038318618027121155719693350487973965179511173116726360516883373916337666907
WITNESS=1079:212261765948438752691817193966616522274869415684166650526338382102436143212120136145182/31833687434037828114955854081363467159080051463921895538533519350179081550650121749013000721
WITNESS=1084:8827312831417136693129202038358494164480561493926269871176855335461853435504088437586/1179025460519919559813179780791239524410372276441551686612352568525151168542597101815296323
WITNESS=1086:-17654625662834273386258404076716988328961122987852539742353710670923706871008176875172/1179025460519919559813179780791239524410372276441551686612352568525151168542597101815296323
WITNESS=1089:-14712046281917125378482607645319486994942130915020730327333939883583672223029918235831/3537076381559758679439539342373718573231116829324655059837057705575453505627791305445888969
WITNESS=1094:-77969007864961676315716259287914585560385034004787113534801127293620357374034183059020/10611229144679276038318618027121155719693350487973965179511173116726360516883373916337666907
WITNESS=1096:155938015729923352631432518575829171120770068009574227069602254587240714748068366118040/10611229144679276038318618027121155719693350487973965179511173116726360516883373916337666907
WITNESS=1099:34168202525533480782798517173784167983899613642217654626129099143206729246119768984158/53056145723396380191593090135605778598466752439869825897555865583631802584416869581688334535
WITNESS=1104:-11059124089129430543959941822892354078475446997323665747820703426235430829954941199464/5895127302599597799065898903956197622051861382207758433061762842625755842712985509076481615
WITNESS=1106:22118248178258861087919883645784708156950893994647331495641406852470861659909882398928/5895127302599597799065898903956197622051861382207758433061762842625755842712985509076481615
WITNESS=1119:-1352001280835891536975364202316855836321817738431195892032949963046741338950441897344/1179025460519919559813179780791239524410372276441551686612352568525151168542597101815296323
WITNESS=1144:-761111524048461864950570526899940222019577426635754392186823140644525658130064378524/1179025460519919559813179780791239524410372276441551686612352568525151168542597101815296323
WITNESS=1146:3477568895852406600020213693162382721850297423175776686212904973845043375311524017710/3537076381559758679439539342373718573231116829324655059837057705575453505627791305445888969
WITNESS=1149:34168202525533480782798517173784167983899613642217654626129099143206729246119768984158/53056145723396380191593090135605778598466752439869825897555865583631802584416869581688334535
