s        trial   dim{f in V_0 : f|_{W_s} = 0}   dim of its image in <y_1,y_2>
0        0       3                             0
0        1       3                             0
0        2       3                             0
1        0       3                             1
1        1       3                             1
1        2       3                             1
7        0       3                             1
7        1       3                             1
7        2       3                             1
12345    0       3                             1
12345    1       3                             1
12345    2       3                             1

CONCLUSION: a y-term does occur

Structural computation:   dim Lambda,  dim Lambda_0,  rank
   number of independent 2x2 minors (expect 20): 20
   trial 0 :  dim Lambda = 3 , dim Lambda_0 = 2 , rank = 1
   trial 1 :  dim Lambda = 3 , dim Lambda_0 = 2 , rank = 1
   trial 2 :  dim Lambda = 3 , dim Lambda_0 = 2 , rank = 1
   trial 3 :  dim Lambda = 3 , dim Lambda_0 = 2 , rank = 1
