wrote data/literature_zclasses.json
DB D4(1)   betti=[1, 0, 51, 8, 51, 0, 1] h11=51 h21=3
DB D4(2)   betti=[1, 0, 21, 20, 21, 0, 1] h11=21 h21=9
DB D4(3)   betti=[1, 0, 15, 8, 15, 0, 1] h11=15 h21=3
DB D4(4)   betti=[1, 0, 15, 8, 15, 0, 1] h11=15 h21=3
DB D6(1)   betti=[1, 0, 15, 32, 15, 0, 1] h11=15 h21=15
DB D6(2)   betti=[1, 0, 15, 32, 15, 0, 1] h11=15 h21=15
DB D6(3)   betti=[1, 0, 7, 16, 7, 0, 1] h11=7 h21=7
DB D8(1)   betti=[1, 0, 36, 14, 36, 0, 1] h11=36 h21=6
DB D8(2)   betti=[1, 0, 15, 8, 15, 0, 1] h11=15 h21=3
DB D12     betti=[1, 0, 21, 20, 21, 0, 1] h11=21 h21=9
DB A4(1)   betti=[1, 0, 19, 8, 19, 0, 1] h11=19 h21=3
DB A4(2)   betti=[1, 0, 7, 8, 7, 0, 1] h11=7 h21=3
DB A4(3)   betti=[1, 0, 7, 8, 7, 0, 1] h11=7 h21=3
DB S4(1)   betti=[1, 0, 20, 14, 20, 0, 1] h11=20 h21=6
DB S4(2)   betti=[1, 0, 11, 8, 11, 0, 1] h11=11 h21=3
DB S4(3)   betti=[1, 0, 11, 8, 11, 0, 1] h11=11 h21=3
Burek G_24.1  S4     h11=20 h21= 6 
Burek G_24.2  S4     h11=11 h21= 3 W_8 in Prop. 9 of Tahara
Burek G_24.3  S4     h11=11 h21= 3 W_10 in Prop. 9 of Tahara
Burek G_12.1  D6     h11=21 h21= 9 W_2 in Prop. 7 of Tahara
Burek G_12.2  A4     h11=19 h21= 3 W_9 in Prop. 7 of Tahara
Burek G_12.3  A4     h11= 7 h21= 3 W_10 in Prop. 7 of Tahara
Burek G_12.4  A4     h11= 7 h21= 3 W_11 in Prop. 7 of Tahara
Burek G_8.1   D4     h11=36 h21= 6 W_7 in Prop. 6 of Tahara
Burek G_8.2   D4     h11=15 h21= 3 W_11 in Prop. 6 of Tahara
Burek G_6.1   S3     h11=15 h21=15 W_5 in Prop. 5 of Tahara
Burek G_6.2   S3     h11=15 h21=15 W_7 in Prop. 5 of Tahara
Burek G_6.3   S3     h11= 7 h21= 7 W_9 in Prop. 5 of Tahara
Burek G_4.1   Z2+Z2  h11=51 h21= 3 W_6 in Prop. 4 of Tahara
Burek G_4.2   Z2+Z2  h11=21 h21= 9 W_8 in Prop. 4 of Tahara
Burek G_4.3   Z2+Z2  h11=15 h21= 3 W_12 in Prop. 4 of Tahara
Burek G_4.4   Z2+Z2  h11=15 h21= 3 W_14 in Prop. 4 of Tahara
AW: {'source': 'M. Andreatta, J. Wiśniewski, On the Kummer construction, arXiv:0804.4611 (LaTeX source); §4.2 (octahedral group) and Proposition on subgroups of SL(3,Z)', 'octahedral_S4_poincare_polynomial': 't^6+20t^4+14t^3+20t^2+1', 'octahedral_S4_h11_h21': [20, 6], 'numbers_of_GL3Z_conjugacy_classes_dihedral_D2a_for_a_2_3_4_6': [4, 3, 2, 1], 'A4_classes': 3, 'S4_classes': 3}
DB duality: {'self_dual': ['D4(1)', 'D4(2)', 'D6(3)', 'D8(1)', 'D8(2)', 'D12', 'A4(1)', 'S4(1)'], 'dual_pairs': [['D4(3)', 'D4(4)'], ['D6(1)', 'D6(2)'], ['A4(2)', 'A4(3)'], ['S4(2)', 'S4(3)']]}
