wrote data/spglib_operations.json: 38 settings; spglib 2.7.0
16 108 - P222 P 2 2 4
17 109 - P222_1 P 2c 2 4
21 119 - C222 C 2 2 8
22 122 - F222 F 2 2 16
24 124 - I2_12_12_1 I 2b 2c 8
89 366 - P422 P 4 2 8
90 367 - P42_12 P 4ab 2ab 8
91 368 - P4_122 P 4w 2c 8
93 370 - P4_222 P 4c 2 8
95 372 - P4_322 P 4cw 2c 8
97 374 - I422 I 4 2 16
98 375 - I4_122 I 4bw 2bw 16
149 438 - P312 P 3 2 6
150 439 - P321 P 3 2" 6
151 440 - P3_112 P 31 2 (0 0 4) 6
153 442 - P3_212 P 32 2 (0 0 2) 6
155 444 H R32 R 3 2" 18
155 445 R R32 P 3* 2 6
177 471 - P622 P 6 2 12
178 472 - P6_122 P 61 2 (0 0 5) 12
179 473 - P6_522 P 65 2 (0 0 1) 12
180 474 - P6_222 P 62 2 (0 0 4) 12
181 475 - P6_422 P 64 2 (0 0 2) 12
182 476 - P6_322 P 6c 2c 12
195 489 - P23 P 2 2 3 12
196 490 - F23 F 2 2 3 48
198 492 - P2_13 P 2ac 2ab 3 12
199 493 - I2_13 I 2b 2c 3 24
207 503 - P432 P 4 2 3 24
208 504 - P4_232 P 4n 2 3 24
209 505 - F432 F 4 2 3 96
210 506 - F4_132 F 4d 2 3 96
211 507 - I432 I 4 2 3 48
212 508 - P4_332 P 4acd 2ab 3 24
213 509 - P4_132 P 4bd 2ab 3 24
214 510 - I4_132 I 4bd 2c 3 48
23 123 - I222 I 2 2 8
197 491 - I23 I 2 2 3 24
