spglib 2.7.0; GAP {'gap_version': '4.14.0', 'cryst_version': '4.1.27', 'crystcat_version': '1.1.10'}
JBD Figure 2.8 list read from the cached PDF: 35 groups; equals the list under audit: True
[A]  16 P222       pg 222 |G|= 4 centrings=1 symmorphic=True spglib==crystcat: True
[A]  17 P222_1     pg 222 |G|= 4 centrings=1 symmorphic=False spglib==crystcat: True
[A]  21 C222       pg 222 |G|= 4 centrings=2 symmorphic=True spglib==crystcat: True
[A]  22 F222       pg 222 |G|= 4 centrings=4 symmorphic=True spglib==crystcat: True
[A]  24 I2_12_12_1 pg 222 |G|= 4 centrings=2 symmorphic=False spglib==crystcat: True
[A]  89 P422       pg 422 |G|= 8 centrings=1 symmorphic=True spglib==crystcat: True
[A]  90 P42_12     pg 422 |G|= 8 centrings=1 symmorphic=False spglib==crystcat: True
[A]  91 P4_122     pg 422 |G|= 8 centrings=1 symmorphic=False spglib==crystcat: True
[A]  93 P4_222     pg 422 |G|= 8 centrings=1 symmorphic=False spglib==crystcat: True
[A]  95 P4_322     pg 422 |G|= 8 centrings=1 symmorphic=False spglib==crystcat: True
[A]  97 I422       pg 422 |G|= 8 centrings=2 symmorphic=True spglib==crystcat: True
[A]  98 I4_122     pg 422 |G|= 8 centrings=2 symmorphic=False spglib==crystcat: True
[A] 149 P312       pg 312 |G|= 6 centrings=1 symmorphic=True spglib==crystcat: True
[A] 150 P321       pg 321 |G|= 6 centrings=1 symmorphic=True spglib==crystcat: True
[A] 151 P3_112     pg 312 |G|= 6 centrings=1 symmorphic=False spglib==crystcat: True
[A] 153 P3_212     pg 312 |G|= 6 centrings=1 symmorphic=False spglib==crystcat: True
[A] 155 R32        pg 32  |G|= 6 centrings=3 symmorphic=True spglib==crystcat: True
[A] 177 P622       pg 622 |G|=12 centrings=1 symmorphic=True spglib==crystcat: True
[A] 178 P6_122     pg 622 |G|=12 centrings=1 symmorphic=False spglib==crystcat: True
[A] 179 P6_522     pg 622 |G|=12 centrings=1 symmorphic=False spglib==crystcat: True
[A] 180 P6_222     pg 622 |G|=12 centrings=1 symmorphic=False spglib==crystcat: True
[A] 181 P6_422     pg 622 |G|=12 centrings=1 symmorphic=False spglib==crystcat: True
[A] 182 P6_322     pg 622 |G|=12 centrings=1 symmorphic=False spglib==crystcat: True
[A] 195 P23        pg 23  |G|=12 centrings=1 symmorphic=True spglib==crystcat: True
[A] 196 F23        pg 23  |G|=12 centrings=4 symmorphic=True spglib==crystcat: True
[A] 198 P2_13      pg 23  |G|=12 centrings=1 symmorphic=False spglib==crystcat: True
[A] 199 I2_13      pg 23  |G|=12 centrings=2 symmorphic=False spglib==crystcat: True
[A] 207 P432       pg 432 |G|=24 centrings=1 symmorphic=True spglib==crystcat: True
[A] 208 P4_232     pg 432 |G|=24 centrings=1 symmorphic=False spglib==crystcat: True
[A] 209 F432       pg 432 |G|=24 centrings=4 symmorphic=True spglib==crystcat: True
[A] 210 F4_132     pg 432 |G|=24 centrings=4 symmorphic=False spglib==crystcat: True
[A] 211 I432       pg 432 |G|=24 centrings=2 symmorphic=True spglib==crystcat: True
[A] 212 P4_332     pg 432 |G|=24 centrings=1 symmorphic=False spglib==crystcat: True
[A] 213 P4_132     pg 432 |G|=24 centrings=1 symmorphic=False spglib==crystcat: True
[A] 214 I4_132     pg 432 |G|=24 centrings=2 symmorphic=False spglib==crystcat: True
[A]  23 I222       pg 222 |G|= 4 centrings=2 symmorphic=True spglib==crystcat: True
[A] 197 I23        pg 23  |G|=12 centrings=2 symmorphic=True spglib==crystcat: True
[A] symmorphic members of the 35-list: [16, 21, 22, 89, 97, 149, 150, 155, 177, 195, 196, 207, 209, 211]
[B]  16 P222       untwisted (h11,h21)=(3,3)  total (h11,h21)=(51,3)  e=96 DHWV e=96 |pi1(A/G)|=1 axis index=1
[B]  21 C222       untwisted (h11,h21)=(3,3)  total (h11,h21)=(21,9)  e=24 DHWV e=24 |pi1(A/G)|=1 axis index=2
[B]  22 F222       untwisted (h11,h21)=(3,3)  total (h11,h21)=(15,3)  e=24 DHWV e=24 |pi1(A/G)|=1 axis index=4
[B]  89 P422       untwisted (h11,h21)=(2,2)  total (h11,h21)=(36,6)  e=60 DHWV e=60 |pi1(A/G)|=1 axis index=1
[B]  97 I422       untwisted (h11,h21)=(2,2)  total (h11,h21)=(15,3)  e=24 DHWV e=24 |pi1(A/G)|=1 axis index=2
[B] 149 P312       untwisted (h11,h21)=(2,2)  total (h11,h21)=(15,15)  e=0 DHWV e=0 |pi1(A/G)|=1 axis index=3
[B] 150 P321       untwisted (h11,h21)=(2,2)  total (h11,h21)=(15,15)  e=0 DHWV e=0 |pi1(A/G)|=1 axis index=1
[B] 155 R32        untwisted (h11,h21)=(2,2)  total (h11,h21)=(7,7)  e=0 DHWV e=0 |pi1(A/G)|=1 axis index=3
[B] 177 P622       untwisted (h11,h21)=(2,2)  total (h11,h21)=(21,9)  e=24 DHWV e=24 |pi1(A/G)|=1 axis index=1
[B] 195 P23        untwisted (h11,h21)=(1,1)  total (h11,h21)=(19,3)  e=32 DHWV e=32 |pi1(A/G)|=1 axis index=1
[B] 196 F23        untwisted (h11,h21)=(1,1)  total (h11,h21)=(7,3)  e=8 DHWV e=8 |pi1(A/G)|=1 axis index=4
[B] 207 P432       untwisted (h11,h21)=(1,1)  total (h11,h21)=(20,6)  e=28 DHWV e=28 |pi1(A/G)|=1 axis index=1
[B] 209 F432       untwisted (h11,h21)=(1,1)  total (h11,h21)=(11,3)  e=16 DHWV e=16 |pi1(A/G)|=1 axis index=1
[B] 211 I432       untwisted (h11,h21)=(1,1)  total (h11,h21)=(11,3)  e=16 DHWV e=16 |pi1(A/G)|=1 axis index=1
[B]  23 I222       untwisted (h11,h21)=(3,3)  total (h11,h21)=(15,3)  e=24 DHWV e=24 |pi1(A/G)|=4 axis index=2
[B] 197 I23        untwisted (h11,h21)=(1,1)  total (h11,h21)=(7,3)  e=8 DHWV e=8 |pi1(A/G)|=4 axis index=1
[C]  16 P222       = Donten-Bury D4(1)  = Burek G_4.1  ; transpose matches ['D4(1)']
[C]  21 C222       = Donten-Bury D4(2)  = Burek G_4.2  ; transpose matches ['D4(2)']
[C]  22 F222       = Donten-Bury D4(4)  = Burek G_4.3  ; transpose matches ['D4(3)']
[C]  89 P422       = Donten-Bury D8(1)  = Burek G_8.1  ; transpose matches ['D8(1)']
[C]  97 I422       = Donten-Bury D8(2)  = Burek G_8.2  ; transpose matches ['D8(2)']
[C] 149 P312       = Donten-Bury D6(2)  = Burek G_6.1  ; transpose matches ['D6(1)']
[C] 150 P321       = Donten-Bury D6(1)  = Burek G_6.2  ; transpose matches ['D6(2)']
[C] 155 R32        = Donten-Bury D6(3)  = Burek G_6.3  ; transpose matches ['D6(3)']
[C] 177 P622       = Donten-Bury D12    = Burek G_12.1 ; transpose matches ['D12']
[C] 195 P23        = Donten-Bury A4(1)  = Burek G_12.2 ; transpose matches ['A4(1)']
[C] 196 F23        = Donten-Bury A4(2)  = Burek G_12.4 ; transpose matches ['A4(3)']
[C] 207 P432       = Donten-Bury S4(1)  = Burek G_24.1 ; transpose matches ['S4(1)']
[C] 209 F432       = Donten-Bury S4(2)  = Burek G_24.3 ; transpose matches ['S4(3)']
[C] 211 I432       = Donten-Bury S4(3)  = Burek G_24.2 ; transpose matches ['S4(2)']
[C]  23 I222       = Donten-Bury D4(3)  = Burek G_4.4  ; transpose matches ['D4(4)']
[C] 197 I23        = Donten-Bury A4(3)  = Burek G_12.3 ; transpose matches ['A4(2)']
[C] bijection 16 symmorphic Sohncke groups (non-cyclic point group) <-> 16 Donten-Bury classes <-> 16 Burek groups: verified
[C] Donten-Bury -> Burek identification: D4(1)->G_4.1, D4(2)->G_4.2, D4(3)->G_4.4, D4(4)->G_4.3, D6(1)->G_6.2, D6(2)->G_6.1, D6(3)->G_6.3, D8(1)->G_8.1, D8(2)->G_8.2, D12->G_12.1, A4(1)->G_12.2, A4(2)->G_12.4, A4(3)->G_12.3, S4(1)->G_24.1, S4(2)->G_24.3, S4(3)->G_24.2
[C] transpose control: rho(G)^T is conjugate exactly to the Donten-Bury dual class in every case
[C] R32 setting control: rhombohedral-axes point group conjugate to the hexagonal-axes one (P = [[1, -2, 1], [0, 1, -1], [-1, 1, -1]]); same Hodge numbers
[C'] pairwise non-conjugacy of the 16 symmorphic point-group representations certified: 119 pairs by invariants, 1 pairs by exhaustive search ([[209, 211]])
[D]  16 P222       computed (51, 3) = Donten-Bury D4(1) (51, 3) = Burek G_4.1 (51, 3)
[D]  21 C222       computed (21, 9) = Donten-Bury D4(2) (21, 9) = Burek G_4.2 (21, 9)
[D]  22 F222       computed (15, 3) = Donten-Bury D4(4) (15, 3) = Burek G_4.3 (15, 3)
[D]  89 P422       computed (36, 6) = Donten-Bury D8(1) (36, 6) = Burek G_8.1 (36, 6)
[D]  97 I422       computed (15, 3) = Donten-Bury D8(2) (15, 3) = Burek G_8.2 (15, 3)
[D] 149 P312       computed (15, 15) = Donten-Bury D6(2) (15, 15) = Burek G_6.1 (15, 15)
[D] 150 P321       computed (15, 15) = Donten-Bury D6(1) (15, 15) = Burek G_6.2 (15, 15)
[D] 155 R32        computed (7, 7) = Donten-Bury D6(3) (7, 7) = Burek G_6.3 (7, 7)
[D] 177 P622       computed (21, 9) = Donten-Bury D12 (21, 9) = Burek G_12.1 (21, 9)
[D] 195 P23        computed (19, 3) = Donten-Bury A4(1) (19, 3) = Burek G_12.2 (19, 3)
[D] 196 F23        computed (7, 3) = Donten-Bury A4(2) (7, 3) = Burek G_12.4 (7, 3)
[D] 207 P432       computed (20, 6) = Donten-Bury S4(1) (20, 6) = Burek G_24.1 (20, 6) = AW (20, 6)
[D] 209 F432       computed (11, 3) = Donten-Bury S4(2) (11, 3) = Burek G_24.3 (11, 3)
[D] 211 I432       computed (11, 3) = Donten-Bury S4(3) (11, 3) = Burek G_24.2 (11, 3)
[D]  23 I222       computed (15, 3) = Donten-Bury D4(3) (15, 3) = Burek G_4.4 (15, 3)
[D] 197 I23        computed (7, 3) = Donten-Bury A4(3) (7, 3) = Burek G_12.3 (7, 3)
[D] wrote table/space_groups_35.json and .tsv (35 rows: 14 audited, 21 pending)
total time 45.6s
ALL CHECKS PASSED
