TRUE_MOD10201_ORDER 1 ALL6960_ZERO seconds 1.643
TRUE_MOD10201_ORDER 2 ALL6960_ZERO seconds 1.977
TRUE_MOD10201_ORDER 3 ALL6960_ZERO seconds 2.032
TRUE_MOD10201_ORDER 4 ALL6960_ZERO seconds 2.129
TRUE_MOD10201_ORDER 5 ALL6960_ZERO seconds 2.285
TRUE_MOD10201_ORDER 6 ALL6960_ZERO seconds 2.545
TRUE_MOD10201_ORDER 7 ALL6960_ZERO seconds 2.9
TRUE_MOD10201_ORDER 8 ALL6960_ZERO seconds 3.387
TRUE_MOD10201_ORDER 9 ALL6960_ZERO seconds 3.947
TRUE_MOD10201_ORDER 10 ALL6960_ZERO seconds 4.609
TRUE_MOD10201_ORDER 11 ALL6960_ZERO seconds 5.398
TRUE_MOD10201_ORDER 12 ALL6960_ZERO seconds 6.374
TRUE_MOD10201_ORDER 13 ALL6960_ZERO seconds 7.413
TRUE_MOD10201_BLOCK trivial ALL_LOWER_Q_COEFFICIENTS_ZERO
TRUE_MOD10201_BLOCK sign ALL_LOWER_Q_COEFFICIENTS_ZERO
TRUE_MOD10201_BLOCK standard ALL_LOWER_Q_COEFFICIENTS_ZERO
DIRECT_RAMIFIED_RING_BLOCK trivial ALL_EQUATIONS_ZERO
DIRECT_RAMIFIED_RING_BLOCK sign ALL_EQUATIONS_ZERO
DIRECT_RAMIFIED_RING_BLOCK standard ALL_EQUATIONS_ZERO
PASS_GENUINE_MIXED_CHARACTERISTIC_HENSEL_PI14 /Users/daniel/github/grunbaum-cy-geography-zero-context/runs/astra-computation-2026-09-08/data/ramified_hensel_pi14.json
ALL1650_FULL_BLOCK_EQUATIONS_ZERO seconds 11.374
