ORDER 1 ALL_6960_EQUATIONS_ZERO seconds 0.03
ORDER 2 ALL_6960_EQUATIONS_ZERO seconds 0.07
ORDER 3 ALL_6960_EQUATIONS_ZERO seconds 0.11
ORDER 4 ALL_6960_EQUATIONS_ZERO seconds 0.19
ORDER 5 ALL_6960_EQUATIONS_ZERO seconds 0.3
ORDER 6 ALL_6960_EQUATIONS_ZERO seconds 0.47
ORDER 7 ALL_6960_EQUATIONS_ZERO seconds 0.71
ORDER 8 ALL_6960_EQUATIONS_ZERO seconds 1.03
ORDER 9 ALL_6960_EQUATIONS_ZERO seconds 1.43
ORDER 10 ALL_6960_EQUATIONS_ZERO seconds 1.89
ORDER 11 ALL_6960_EQUATIONS_ZERO seconds 2.45
ORDER 12 ALL_6960_EQUATIONS_ZERO seconds 3.09
ORDER 13 ALL_6960_EQUATIONS_ZERO seconds 3.77
ORDER 14 ALL_6960_EQUATIONS_ZERO seconds 4.54
ORDER 15 ALL_6960_EQUATIONS_ZERO seconds 5.39
ORDER 16 ALL_6960_EQUATIONS_ZERO seconds 6.34
ORDER 17 ALL_6960_EQUATIONS_ZERO seconds 7.47
ORDER 18 ALL_6960_EQUATIONS_ZERO seconds 8.92
ORDER 19 ALL_6960_EQUATIONS_ZERO seconds 10.07
ORDER 20 ALL_6960_EQUATIONS_ZERO seconds 11.31
ORDER 21 ALL_6960_EQUATIONS_ZERO seconds 12.65
ORDER 22 ALL_6960_EQUATIONS_ZERO seconds 14.39
ORDER 23 ALL_6960_EQUATIONS_ZERO seconds 16.05
ORDER 24 ALL_6960_EQUATIONS_ZERO seconds 17.64
NORMALIZED_FIRSTJET_MATCH True
NORMALIZED_SIXJET_MATCH False
FREE_PATH_ORDER 1
NO_POLYNOMIAL_CLOSURE_CLAIM
