TRUE_MOD101POW8_ORDER 1 ALL6960_ZERO seconds 1.765
TRUE_MOD101POW8_ORDER 2 ALL6960_ZERO seconds 1.794
TRUE_MOD101POW8_ORDER 3 ALL6960_ZERO seconds 1.85
TRUE_MOD101POW8_ORDER 4 ALL6960_ZERO seconds 1.956
TRUE_MOD101POW8_ORDER 5 ALL6960_ZERO seconds 2.138
TRUE_MOD101POW8_ORDER 6 ALL6960_ZERO seconds 2.416
TRUE_MOD101POW8_ORDER 7 ALL6960_ZERO seconds 2.922
TRUE_MOD101POW8_ORDER 8 ALL6960_ZERO seconds 3.422
TRUE_MOD101POW8_ORDER 9 ALL6960_ZERO seconds 4.162
TRUE_MOD101POW8_ORDER 10 ALL6960_ZERO seconds 4.949
TRUE_MOD101POW8_ORDER 11 ALL6960_ZERO seconds 5.809
TRUE_MOD101POW8_ORDER 12 ALL6960_ZERO seconds 6.78
TRUE_MOD101POW8_ORDER 13 ALL6960_ZERO seconds 8.026
TRUE_MOD101POW8_ORDER 14 ALL6960_ZERO seconds 9.258
TRUE_MOD101POW8_ORDER 15 ALL6960_ZERO seconds 10.61
TRUE_MOD101POW8_ORDER 16 ALL6960_ZERO seconds 12.075
TRUE_MOD101POW8_ORDER 17 ALL6960_ZERO seconds 14.018
TRUE_MOD101POW8_ORDER 18 ALL6960_ZERO seconds 16.094
TRUE_MOD101POW8_ORDER 19 ALL6960_ZERO seconds 17.977
TRUE_MOD101POW8_ORDER 20 ALL6960_ZERO seconds 19.902
TRUE_MOD101POW8_ORDER 21 ALL6960_ZERO seconds 22.426
TRUE_MOD101POW8_ORDER 22 ALL6960_ZERO seconds 24.788
TRUE_MOD101POW8_ORDER 23 ALL6960_ZERO seconds 27.202
TRUE_MOD101POW8_ORDER 24 ALL6960_ZERO seconds 29.738
TRUE_MOD101POW8_ORDER 25 ALL6960_ZERO seconds 32.365
TRUE_MOD101POW8_ORDER 26 ALL6960_ZERO seconds 35.207
TRUE_MOD101POW8_ORDER 27 ALL6960_ZERO seconds 37.99
TRUE_MOD101POW8_ORDER 28 ALL6960_ZERO seconds 40.955
TRUE_MOD101POW8_ORDER 29 ALL6960_ZERO seconds 44.089
TRUE_MOD101POW8_ORDER 30 ALL6960_ZERO seconds 47.267
TRUE_MOD101POW8_ORDER 31 ALL6960_ZERO seconds 50.598
TRUE_MOD101POW8_ORDER 32 ALL6960_ZERO seconds 54.313
TRUE_MOD101POW8_ORDER 33 ALL6960_ZERO seconds 57.892
TRUE_MOD101POW8_ORDER 34 ALL6960_ZERO seconds 61.578
TRUE_MOD101POW8_ORDER 35 ALL6960_ZERO seconds 65.41
TRUE_MOD101POW8_ORDER 36 ALL6960_ZERO seconds 69.592
TRUE_MOD101POW8_ORDER 37 ALL6960_ZERO seconds 73.642
TRUE_MOD101POW8_ORDER 38 ALL6960_ZERO seconds 77.881
TRUE_MOD101POW8_ORDER 39 ALL6960_ZERO seconds 82.225
TRUE_MOD101POW8_ORDER 40 ALL6960_ZERO seconds 87.185
TRUE_MOD101POW8_ORDER 41 ALL6960_ZERO seconds 91.723
TRUE_MOD101POW8_ORDER 42 ALL6960_ZERO seconds 96.189
TRUE_MOD101POW8_ORDER 43 ALL6960_ZERO seconds 101.359
TRUE_MOD101POW8_ORDER 44 ALL6960_ZERO seconds 106.288
TRUE_MOD101POW8_ORDER 45 ALL6960_ZERO seconds 111.393
TRUE_MOD101POW8_ORDER 46 ALL6960_ZERO seconds 116.668
TRUE_MOD101POW8_ORDER 47 ALL6960_ZERO seconds 124.194
TRUE_MOD101POW8_ORDER 48 ALL6960_ZERO seconds 130.308
TRUE_MOD101POW8_ORDER 49 ALL6960_ZERO seconds 136.593
TRUE_MOD101POW8_ORDER 50 ALL6960_ZERO seconds 143.444
TRUE_MOD101POW8_ORDER 51 ALL6960_ZERO seconds 149.021
TRUE_MOD101POW8_ORDER 52 ALL6960_ZERO seconds 156.254
TRUE_MOD101POW8_ORDER 53 ALL6960_ZERO seconds 162.883
TRUE_MOD101POW8_ORDER 54 ALL6960_ZERO seconds 169.626
TRUE_MOD101POW8_ORDER 55 ALL6960_ZERO seconds 176.716
TRUE_MOD101POW8_BLOCK trivial ALL_LOWER_Q_COEFFICIENTS_ZERO
TRUE_MOD101POW8_BLOCK sign ALL_LOWER_Q_COEFFICIENTS_ZERO
TRUE_MOD101POW8_BLOCK standard ALL_LOWER_Q_COEFFICIENTS_ZERO
DIRECT_RAMIFIED_RING_BLOCK trivial ALL_EQUATIONS_ZERO
DIRECT_RAMIFIED_RING_BLOCK sign ALL_EQUATIONS_ZERO
DIRECT_RAMIFIED_RING_BLOCK standard ALL_EQUATIONS_ZERO
PASS_GENUINE_MIXED_CHARACTERISTIC_HENSEL_PI56 /Users/daniel/github/grunbaum-cy-geography-zero-context/runs/astra-computation-2026-09-08/data/ramified_hensel_pi56.json
ALL1650_FULL_BLOCK_EQUATIONS_ZERO seconds 205.146
FAILED_BOUNDED_DEGREE7_HEIGHT {"theta_index_one_based": 1, "lambda_index_one_based": 1, "pi_basis_exponent": 0, "residue_mod101pow8": 5101489845552212} BOUND 10000000 NO_FURTHER_PRECISION
